{
  "timestamp" : "2025-10-23T18:57:55.246Z",
  "eventType" : "CERTIFICATE_ACCESSED",
  "category" : "CERTIFICATE_MANAGEMENT",
  "eventId" : "1761245875246-340",
  "user" : "andjelavukosav3@gmail.com",
  "role" : "ROLE_ADMIN",
  "result" : "SUCCESS",
  "message" : "Retrieved certificate details | CertID: 6 | CN: root | Issuer: CN=root, O=root, OU=root, C=RS",
  "ipAddress" : "0:0:0:0:0:0:0:1",
  "userAgent" : null
}

{
  "timestamp" : "2025-10-23T18:58:04.776Z",
  "eventType" : "CERTIFICATE_ISSUE_FAILED",
  "category" : "CERTIFICATE_MANAGEMENT",
  "eventId" : "1761245884776-354",
  "user" : "andjelavukosav3@gmail.com",
  "role" : "ROLE_ADMIN",
  "result" : "FAILURE",
  "message" : "Failed to issue certificate: Issuer is not a CA; cannot issue new certificates. | CertID: N/A | CN: JJj | Issuer: Issuer ID: 6",
  "ipAddress" : "0:0:0:0:0:0:0:1",
  "userAgent" : null
}

{
  "timestamp" : "2025-10-23T18:58:32.251Z",
  "eventType" : "CERTIFICATE_ISSUED",
  "category" : "CERTIFICATE_MANAGEMENT",
  "eventId" : "1761245912251-179",
  "user" : "andjelavukosav3@gmail.com",
  "role" : "ROLE_ADMIN",
  "result" : "SUCCESS",
  "message" : "Certificate issued successfully | CertID: 12 | CN: test | Issuer: SELF_SIGNED",
  "ipAddress" : "0:0:0:0:0:0:0:1",
  "userAgent" : null
}

{
  "timestamp" : "2025-10-23T18:58:43.178Z",
  "eventType" : "CERTIFICATE_ACCESSED",
  "category" : "CERTIFICATE_MANAGEMENT",
  "eventId" : "1761245923178-785",
  "user" : "andjelavukosav3@gmail.com",
  "role" : "ROLE_ADMIN",
  "result" : "SUCCESS",
  "message" : "Retrieved certificate details | CertID: 12 | CN: test | Issuer: CN=test, O=test, OU=test, C=RS",
  "ipAddress" : "0:0:0:0:0:0:0:1",
  "userAgent" : null
}

{
  "timestamp" : "2025-10-23T19:00:04.573Z",
  "eventType" : "CERTIFICATE_ACCESSED",
  "category" : "CERTIFICATE_MANAGEMENT",
  "eventId" : "1761246004573-932",
  "user" : "andjelavukosav3@gmail.com",
  "role" : "ROLE_ADMIN",
  "result" : "SUCCESS",
  "message" : "Retrieved certificate details | CertID: 9 | CN: moze dalje | Issuer: CN=moze dalje, O=moxe, OU=MJ, C=RS",
  "ipAddress" : "0:0:0:0:0:0:0:1",
  "userAgent" : null
}

{
  "timestamp" : "2025-10-23T19:00:14.237Z",
  "eventType" : "CERTIFICATE_ISSUED",
  "category" : "CERTIFICATE_MANAGEMENT",
  "eventId" : "1761246014237-994",
  "user" : "andjelavukosav3@gmail.com",
  "role" : "ROLE_ADMIN",
  "result" : "SUCCESS",
  "message" : "Certificate issued successfully | CertID: 13 | CN: aja | Issuer: Issuer ID: 9",
  "ipAddress" : "0:0:0:0:0:0:0:1",
  "userAgent" : null
}

{
  "timestamp" : "2025-10-23T19:02:20.633Z",
  "eventType" : "CERTIFICATE_ACCESSED",
  "category" : "CERTIFICATE_MANAGEMENT",
  "eventId" : "1761246140633-83",
  "user" : "andjelavukosav3@gmail.com",
  "role" : "ROLE_ADMIN",
  "result" : "SUCCESS",
  "message" : "Retrieved certificate details | CertID: 9 | CN: moze dalje | Issuer: CN=moze dalje, O=moxe, OU=MJ, C=RS",
  "ipAddress" : "0:0:0:0:0:0:0:1",
  "userAgent" : null
}

{
  "timestamp" : "2025-10-23T19:03:09.071Z",
  "eventType" : "CERTIFICATE_ACCESSED",
  "category" : "CERTIFICATE_MANAGEMENT",
  "eventId" : "1761246189071-629",
  "user" : "andjelavukosav3@gmail.com",
  "role" : "ROLE_ADMIN",
  "result" : "SUCCESS",
  "message" : "Retrieved certificate details | CertID: 7 | CN: inter | Issuer: CN=inter, O=inter, OU=inter, C=RS",
  "ipAddress" : "0:0:0:0:0:0:0:1",
  "userAgent" : null
}

{
  "timestamp" : "2025-10-23T19:03:20.994Z",
  "eventType" : "CERTIFICATE_ACCESSED",
  "category" : "CERTIFICATE_MANAGEMENT",
  "eventId" : "1761246200994-752",
  "user" : "andjelavukosav3@gmail.com",
  "role" : "ROLE_ADMIN",
  "result" : "SUCCESS",
  "message" : "Retrieved certificate details | CertID: 9 | CN: moze dalje | Issuer: CN=moze dalje, O=moxe, OU=MJ, C=RS",
  "ipAddress" : "0:0:0:0:0:0:0:1",
  "userAgent" : null
}

{
  "timestamp" : "2025-10-23T19:03:33.818Z",
  "eventType" : "CERTIFICATE_ISSUED",
  "category" : "CERTIFICATE_MANAGEMENT",
  "eventId" : "1761246213818-436",
  "user" : "andjelavukosav3@gmail.com",
  "role" : "ROLE_ADMIN",
  "result" : "SUCCESS",
  "message" : "Certificate issued successfully | CertID: 14 | CN: inter7 | Issuer: Issuer ID: 9",
  "ipAddress" : "0:0:0:0:0:0:0:1",
  "userAgent" : null
}

{
  "timestamp" : "2025-10-23T19:04:03.901Z",
  "eventType" : "CERTIFICATE_ACCESSED",
  "category" : "CERTIFICATE_MANAGEMENT",
  "eventId" : "1761246243901-41",
  "user" : "andjelavukosav3@gmail.com",
  "role" : "ROLE_ADMIN",
  "result" : "SUCCESS",
  "message" : "Retrieved certificate details | CertID: 14 | CN: inter7 | Issuer: CN=moze dalje, O=moxe, OU=MJ, C=RS",
  "ipAddress" : "0:0:0:0:0:0:0:1",
  "userAgent" : null
}

{
  "timestamp" : "2025-10-23T19:05:03.387Z",
  "eventType" : "CERTIFICATE_ACCESSED",
  "category" : "CERTIFICATE_MANAGEMENT",
  "eventId" : "1761246303387-271",
  "user" : "andjelavukosav3@gmail.com",
  "role" : "ROLE_ADMIN",
  "result" : "SUCCESS",
  "message" : "Retrieved certificate details | CertID: 9 | CN: moze dalje | Issuer: CN=moze dalje, O=moxe, OU=MJ, C=RS",
  "ipAddress" : "0:0:0:0:0:0:0:1",
  "userAgent" : null
}

{
  "timestamp" : "2025-10-23T19:05:19.648Z",
  "eventType" : "CERTIFICATE_ISSUED",
  "category" : "CERTIFICATE_MANAGEMENT",
  "eventId" : "1761246319648-220",
  "user" : "andjelavukosav3@gmail.com",
  "role" : "ROLE_ADMIN",
  "result" : "SUCCESS",
  "message" : "Certificate issued successfully | CertID: 15 | CN: medi | Issuer: Issuer ID: 9",
  "ipAddress" : "0:0:0:0:0:0:0:1",
  "userAgent" : null
}

{
  "timestamp" : "2025-10-23T19:28:08.868Z",
  "eventType" : "CERTIFICATE_ISSUED",
  "category" : "CERTIFICATE_MANAGEMENT",
  "eventId" : "1761247688868-211",
  "user" : "andjelavukosav3@gmail.com",
  "role" : "ROLE_ADMIN",
  "result" : "SUCCESS",
  "message" : "Certificate issued successfully | CertID: 16 | CN: ja sam prvi root | Issuer: SELF_SIGNED",
  "ipAddress" : "0:0:0:0:0:0:0:1",
  "userAgent" : null
}

{
  "timestamp" : "2025-10-23T19:28:18.318Z",
  "eventType" : "CERTIFICATE_ACCESSED",
  "category" : "CERTIFICATE_MANAGEMENT",
  "eventId" : "1761247698318-204",
  "user" : "andjelavukosav3@gmail.com",
  "role" : "ROLE_ADMIN",
  "result" : "SUCCESS",
  "message" : "Retrieved certificate details | CertID: 16 | CN: ja sam prvi root | Issuer: CN=ja sam prvi root, O=ja sam prvi root, OU=rooot, C=US",
  "ipAddress" : "0:0:0:0:0:0:0:1",
  "userAgent" : null
}

{
  "timestamp" : "2025-10-23T19:28:51.189Z",
  "eventType" : "CERTIFICATE_ISSUED",
  "category" : "CERTIFICATE_MANAGEMENT",
  "eventId" : "1761247731189-773",
  "user" : "andjelavukosav3@gmail.com",
  "role" : "ROLE_ADMIN",
  "result" : "SUCCESS",
  "message" : "Certificate issued successfully | CertID: 17 | CN: ja sam prvi intermidier | Issuer: Issuer ID: 16",
  "ipAddress" : "0:0:0:0:0:0:0:1",
  "userAgent" : null
}

{
  "timestamp" : "2025-10-23T19:37:03.364Z",
  "eventType" : "CERTIFICATE_ISSUED",
  "category" : "CERTIFICATE_MANAGEMENT",
  "eventId" : "1761248223365-587",
  "user" : "andjelavukosav3@gmail.com",
  "role" : "ROLE_ADMIN",
  "result" : "SUCCESS",
  "message" : "Certificate issued successfully | CertID: 18 | CN: prvi root | Issuer: SELF_SIGNED",
  "ipAddress" : "0:0:0:0:0:0:0:1",
  "userAgent" : null
}

{
  "timestamp" : "2025-10-23T19:37:12.067Z",
  "eventType" : "CERTIFICATE_ACCESSED",
  "category" : "CERTIFICATE_MANAGEMENT",
  "eventId" : "1761248232067-400",
  "user" : "andjelavukosav3@gmail.com",
  "role" : "ROLE_ADMIN",
  "result" : "SUCCESS",
  "message" : "Retrieved certificate details | CertID: 18 | CN: prvi root | Issuer: CN=prvi root, O=prvi root, OU=root, C=RS",
  "ipAddress" : "0:0:0:0:0:0:0:1",
  "userAgent" : null
}

{
  "timestamp" : "2025-10-23T19:37:40.157Z",
  "eventType" : "CERTIFICATE_ISSUED",
  "category" : "CERTIFICATE_MANAGEMENT",
  "eventId" : "1761248260157-774",
  "user" : "andjelavukosav3@gmail.com",
  "role" : "ROLE_ADMIN",
  "result" : "SUCCESS",
  "message" : "Certificate issued successfully | CertID: 19 | CN: prvi iner | Issuer: Issuer ID: 18",
  "ipAddress" : "0:0:0:0:0:0:0:1",
  "userAgent" : null
}

{
  "timestamp" : "2025-10-23T19:39:22.359Z",
  "eventType" : "CERTIFICATE_ACCESSED",
  "category" : "CERTIFICATE_MANAGEMENT",
  "eventId" : "1761248362359-183",
  "user" : "andjelavukosav3@gmail.com",
  "role" : "ROLE_ADMIN",
  "result" : "SUCCESS",
  "message" : "Retrieved certificate details | CertID: 19 | CN: prvi iner | Issuer: CN=prvi root, O=prvi root, OU=root, C=RS",
  "ipAddress" : "0:0:0:0:0:0:0:1",
  "userAgent" : null
}

{
  "timestamp" : "2025-10-23T19:39:43.295Z",
  "eventType" : "CERTIFICATE_ISSUED",
  "category" : "CERTIFICATE_MANAGEMENT",
  "eventId" : "1761248383295-219",
  "user" : "andjelavukosav3@gmail.com",
  "role" : "ROLE_ADMIN",
  "result" : "SUCCESS",
  "message" : "Certificate issued successfully | CertID: 20 | CN: drugi int | Issuer: Issuer ID: 19",
  "ipAddress" : "0:0:0:0:0:0:0:1",
  "userAgent" : null
}

{
  "timestamp" : "2025-10-23T19:39:47.444Z",
  "eventType" : "CERTIFICATE_ACCESSED",
  "category" : "CERTIFICATE_MANAGEMENT",
  "eventId" : "1761248387444-221",
  "user" : "andjelavukosav3@gmail.com",
  "role" : "ROLE_ADMIN",
  "result" : "SUCCESS",
  "message" : "Retrieved certificate details | CertID: 20 | CN: drugi int | Issuer: CN=prvi iner, O=prvi inter, OU=prvi inter, C=RS",
  "ipAddress" : "0:0:0:0:0:0:0:1",
  "userAgent" : null
}

{
  "timestamp" : "2025-10-23T19:40:03.183Z",
  "eventType" : "CERTIFICATE_ISSUED",
  "category" : "CERTIFICATE_MANAGEMENT",
  "eventId" : "1761248403183-31",
  "user" : "andjelavukosav3@gmail.com",
  "role" : "ROLE_ADMIN",
  "result" : "SUCCESS",
  "message" : "Certificate issued successfully | CertID: 21 | CN: end | Issuer: Issuer ID: 20",
  "ipAddress" : "0:0:0:0:0:0:0:1",
  "userAgent" : null
}

{
  "timestamp" : "2025-10-23T21:15:51.034Z",
  "eventType" : "CERTIFICATE_ISSUED",
  "category" : "CERTIFICATE_MANAGEMENT",
  "eventId" : "1761254151034-179",
  "user" : "ana@gmail.com",
  "role" : "ROLE_ADMIN",
  "result" : "SUCCESS",
  "message" : "Certificate issued successfully | CertID: 22 | CN: FTN | Issuer: SELF_SIGNED",
  "ipAddress" : "0:0:0:0:0:0:0:1",
  "userAgent" : null
}

{
  "timestamp" : "2025-10-23T21:15:58.818Z",
  "eventType" : "CERTIFICATE_ACCESSED",
  "category" : "CERTIFICATE_MANAGEMENT",
  "eventId" : "1761254158818-923",
  "user" : "ana@gmail.com",
  "role" : "ROLE_ADMIN",
  "result" : "SUCCESS",
  "message" : "Retrieved certificate details | CertID: 22 | CN: FTN | Issuer: CN=FTN, O=FTN, OU=FTN, C=RS",
  "ipAddress" : "0:0:0:0:0:0:0:1",
  "userAgent" : null
}

{
  "timestamp" : "2025-10-23T21:16:14.940Z",
  "eventType" : "CERTIFICATE_ISSUED",
  "category" : "CERTIFICATE_MANAGEMENT",
  "eventId" : "1761254174940-538",
  "user" : "ana@gmail.com",
  "role" : "ROLE_ADMIN",
  "result" : "SUCCESS",
  "message" : "Certificate issued successfully | CertID: 23 | CN: FTN | Issuer: Issuer ID: 22",
  "ipAddress" : "0:0:0:0:0:0:0:1",
  "userAgent" : null
}

{
  "timestamp" : "2025-10-23T21:35:38.959Z",
  "eventType" : "CA_CERTIFICATE_LIST_ACCESSED",
  "category" : "CERTIFICATE_MANAGEMENT",
  "eventId" : "1761255338959-653",
  "user" : "andjelavukosav3@gmail.com",
  "role" : "ROLE_CA_USER",
  "result" : "SUCCESS",
  "message" : "Retrieved all CA certificates for organization: FTN | CertID: N/A | CN: N/A | Issuer: N/A",
  "ipAddress" : "0:0:0:0:0:0:0:1",
  "userAgent" : null
}

{
  "timestamp" : "2025-10-23T21:37:36.102Z",
  "eventType" : "CERTIFICATE_ACCESSED",
  "category" : "CERTIFICATE_MANAGEMENT",
  "eventId" : "1761255456102-530",
  "user" : "ana@gmail.com",
  "role" : "ROLE_ADMIN",
  "result" : "SUCCESS",
  "message" : "Retrieved certificate details | CertID: 23 | CN: FTN | Issuer: CN=FTN, O=FTN, OU=FTN, C=RS",
  "ipAddress" : "0:0:0:0:0:0:0:1",
  "userAgent" : null
}

{
  "timestamp" : "2025-10-23T21:37:56.342Z",
  "eventType" : "CERTIFICATE_ISSUED",
  "category" : "CERTIFICATE_MANAGEMENT",
  "eventId" : "1761255476342-949",
  "user" : "ana@gmail.com",
  "role" : "ROLE_ADMIN",
  "result" : "SUCCESS",
  "message" : "Certificate issued successfully | CertID: 24 | CN: FTN | Issuer: Issuer ID: 23",
  "ipAddress" : "0:0:0:0:0:0:0:1",
  "userAgent" : null
}

{
  "timestamp" : "2025-10-23T21:38:32.605Z",
  "eventType" : "CA_CERTIFICATE_LIST_ACCESSED",
  "category" : "CERTIFICATE_MANAGEMENT",
  "eventId" : "1761255512605-456",
  "user" : "andjelavukosav3@gmail.com",
  "role" : "ROLE_CA_USER",
  "result" : "SUCCESS",
  "message" : "Retrieved all CA certificates for organization: FTN | CertID: N/A | CN: N/A | Issuer: N/A",
  "ipAddress" : "0:0:0:0:0:0:0:1",
  "userAgent" : null
}

{
  "timestamp" : "2025-10-23T21:47:17.644Z",
  "eventType" : "CERTIFICATE_ISSUED",
  "category" : "CERTIFICATE_MANAGEMENT",
  "eventId" : "1761256037644-955",
  "user" : "ana@gmail.com",
  "role" : "ROLE_ADMIN",
  "result" : "SUCCESS",
  "message" : "Certificate issued successfully | CertID: 25 | CN: rot | Issuer: SELF_SIGNED",
  "ipAddress" : "0:0:0:0:0:0:0:1",
  "userAgent" : null
}

{
  "timestamp" : "2025-10-23T21:47:23.487Z",
  "eventType" : "CERTIFICATE_ACCESSED",
  "category" : "CERTIFICATE_MANAGEMENT",
  "eventId" : "1761256043487-316",
  "user" : "ana@gmail.com",
  "role" : "ROLE_ADMIN",
  "result" : "SUCCESS",
  "message" : "Retrieved certificate details | CertID: 25 | CN: rot | Issuer: CN=rot, O=root, OU=root, C=RS",
  "ipAddress" : "0:0:0:0:0:0:0:1",
  "userAgent" : null
}

{
  "timestamp" : "2025-10-23T21:47:46.803Z",
  "eventType" : "CERTIFICATE_ISSUE_FAILED",
  "category" : "CERTIFICATE_MANAGEMENT",
  "eventId" : "1761256066803-36",
  "user" : "ana@gmail.com",
  "role" : "ROLE_ADMIN",
  "result" : "FAILURE",
  "message" : "Failed to issue certificate: End-entity certificate can only be issued by an intermediate certificate. Issuer (ID: 25) is not an intermediate certificate. | CertID: N/A | CN: prona | Issuer: Issuer ID: 25",
  "ipAddress" : "0:0:0:0:0:0:0:1",
  "userAgent" : null
}

{
  "timestamp" : "2025-10-23T21:50:31.035Z",
  "eventType" : "CA_CERTIFICATE_LIST_ACCESSED",
  "category" : "CERTIFICATE_MANAGEMENT",
  "eventId" : "1761256231035-218",
  "user" : "andjelavukosav3@gmail.com",
  "role" : "ROLE_CA_USER",
  "result" : "SUCCESS",
  "message" : "Retrieved all CA certificates for organization: FTN | CertID: N/A | CN: N/A | Issuer: N/A",
  "ipAddress" : "0:0:0:0:0:0:0:1",
  "userAgent" : null
}

{
  "timestamp" : "2025-10-23T21:55:56.059Z",
  "eventType" : "CA_CERTIFICATE_LIST_ACCESSED",
  "category" : "CERTIFICATE_MANAGEMENT",
  "eventId" : "1761256556059-898",
  "user" : "andjelavukosav3@gmail.com",
  "role" : "ROLE_CA_USER",
  "result" : "SUCCESS",
  "message" : "Retrieved all CA certificates for organization: FTN | CertID: N/A | CN: N/A | Issuer: N/A",
  "ipAddress" : "0:0:0:0:0:0:0:1",
  "userAgent" : null
}
