{
  "timestamp" : "2025-10-27T23:05:50.898Z",
  "eventType" : "CA_CERTIFICATE_LIST_ACCESSED",
  "category" : "CERTIFICATE_MANAGEMENT",
  "eventId" : "1761606350898-280",
  "user" : "andjelavukosav3@gmail.com",
  "role" : "ROLE_CA_USER",
  "result" : "SUCCESS",
  "message" : "Retrieved all CA certificates for organization: FTN | CertID: N/A | CN: N/A | Issuer: N/A",
  "ipAddress" : "0:0:0:0:0:0:0:1",
  "userAgent" : null
}

{
  "timestamp" : "2025-10-27T23:05:54.237Z",
  "eventType" : "CERTIFICATE_ACCESSED",
  "category" : "CERTIFICATE_MANAGEMENT",
  "eventId" : "1761606354238-943",
  "user" : "andjelavukosav3@gmail.com",
  "role" : "ROLE_CA_USER",
  "result" : "SUCCESS",
  "message" : "Retrieved certificate details | CertID: 23 | CN: FTN | Issuer: CN=FTN, O=FTN, OU=FTN, C=RS",
  "ipAddress" : "0:0:0:0:0:0:0:1",
  "userAgent" : null
}

{
  "timestamp" : "2025-10-27T23:09:40.319Z",
  "eventType" : "CERTIFICATE_ACCESSED",
  "category" : "CERTIFICATE_MANAGEMENT",
  "eventId" : "1761606580319-528",
  "user" : "andjelavukosav3@gmail.com",
  "role" : "ROLE_CA_USER",
  "result" : "SUCCESS",
  "message" : "Retrieved certificate details | CertID: 23 | CN: FTN | Issuer: CN=FTN, O=FTN, OU=FTN, C=RS",
  "ipAddress" : "0:0:0:0:0:0:0:1",
  "userAgent" : null
}

{
  "timestamp" : "2025-10-27T23:09:47.295Z",
  "eventType" : "CERTIFICATE_ACCESSED",
  "category" : "CERTIFICATE_MANAGEMENT",
  "eventId" : "1761606587295-35",
  "user" : "andjelavukosav3@gmail.com",
  "role" : "ROLE_CA_USER",
  "result" : "SUCCESS",
  "message" : "Retrieved certificate details | CertID: 23 | CN: FTN | Issuer: CN=FTN, O=FTN, OU=FTN, C=RS",
  "ipAddress" : "0:0:0:0:0:0:0:1",
  "userAgent" : null
}

{
  "timestamp" : "2025-10-27T23:10:02.885Z",
  "eventType" : "CA_CERTIFICATE_LIST_ACCESSED",
  "category" : "CERTIFICATE_MANAGEMENT",
  "eventId" : "1761606602885-472",
  "user" : "andjelavukosav3@gmail.com",
  "role" : "ROLE_CA_USER",
  "result" : "SUCCESS",
  "message" : "Retrieved all CA certificates for organization: FTN | CertID: N/A | CN: N/A | Issuer: N/A",
  "ipAddress" : "0:0:0:0:0:0:0:1",
  "userAgent" : null
}

{
  "timestamp" : "2025-10-27T23:10:05.281Z",
  "eventType" : "CERTIFICATE_ACCESSED",
  "category" : "CERTIFICATE_MANAGEMENT",
  "eventId" : "1761606605281-511",
  "user" : "andjelavukosav3@gmail.com",
  "role" : "ROLE_CA_USER",
  "result" : "SUCCESS",
  "message" : "Retrieved certificate details | CertID: 23 | CN: FTN | Issuer: CN=FTN, O=FTN, OU=FTN, C=RS",
  "ipAddress" : "0:0:0:0:0:0:0:1",
  "userAgent" : null
}

{
  "timestamp" : "2025-10-27T23:11:12.257Z",
  "eventType" : "CA_CERTIFICATE_LIST_ACCESSED",
  "category" : "CERTIFICATE_MANAGEMENT",
  "eventId" : "1761606672257-868",
  "user" : "andjelavukosav3@gmail.com",
  "role" : "ROLE_CA_USER",
  "result" : "SUCCESS",
  "message" : "Retrieved all CA certificates for organization: FTN | CertID: N/A | CN: N/A | Issuer: N/A",
  "ipAddress" : "0:0:0:0:0:0:0:1",
  "userAgent" : null
}

{
  "timestamp" : "2025-10-27T23:11:17.602Z",
  "eventType" : "CERTIFICATE_ACCESSED",
  "category" : "CERTIFICATE_MANAGEMENT",
  "eventId" : "1761606677602-484",
  "user" : "andjelavukosav3@gmail.com",
  "role" : "ROLE_CA_USER",
  "result" : "SUCCESS",
  "message" : "Retrieved certificate details | CertID: 24 | CN: FTN | Issuer: CN=FTN, O=FTN, OU=FTN, C=US",
  "ipAddress" : "0:0:0:0:0:0:0:1",
  "userAgent" : null
}

{
  "timestamp" : "2025-10-27T23:11:40.690Z",
  "eventType" : "CA_CERTIFICATE_LIST_ACCESSED",
  "category" : "CERTIFICATE_MANAGEMENT",
  "eventId" : "1761606700690-986",
  "user" : "andjelavukosav3@gmail.com",
  "role" : "ROLE_CA_USER",
  "result" : "SUCCESS",
  "message" : "Retrieved all CA certificates for organization: FTN | CertID: N/A | CN: N/A | Issuer: N/A",
  "ipAddress" : "0:0:0:0:0:0:0:1",
  "userAgent" : null
}

{
  "timestamp" : "2025-10-27T23:11:43.417Z",
  "eventType" : "CERTIFICATE_ACCESSED",
  "category" : "CERTIFICATE_MANAGEMENT",
  "eventId" : "1761606703417-693",
  "user" : "andjelavukosav3@gmail.com",
  "role" : "ROLE_CA_USER",
  "result" : "SUCCESS",
  "message" : "Retrieved certificate details | CertID: 23 | CN: FTN | Issuer: CN=FTN, O=FTN, OU=FTN, C=RS",
  "ipAddress" : "0:0:0:0:0:0:0:1",
  "userAgent" : null
}

{
  "timestamp" : "2025-10-27T23:16:11.560Z",
  "eventType" : "CERTIFICATE_ACCESSED",
  "category" : "CERTIFICATE_MANAGEMENT",
  "eventId" : "1761606971560-898",
  "user" : "andjelavukosav3@gmail.com",
  "role" : "ROLE_CA_USER",
  "result" : "SUCCESS",
  "message" : "Retrieved certificate details | CertID: 23 | CN: FTN | Issuer: CN=FTN, O=FTN, OU=FTN, C=RS",
  "ipAddress" : "0:0:0:0:0:0:0:1",
  "userAgent" : null
}

{
  "timestamp" : "2025-10-27T23:16:26.103Z",
  "eventType" : "CA_CERTIFICATE_LIST_ACCESSED",
  "category" : "CERTIFICATE_MANAGEMENT",
  "eventId" : "1761606986103-302",
  "user" : "andjelavukosav3@gmail.com",
  "role" : "ROLE_CA_USER",
  "result" : "SUCCESS",
  "message" : "Retrieved all CA certificates for organization: FTN | CertID: N/A | CN: N/A | Issuer: N/A",
  "ipAddress" : "0:0:0:0:0:0:0:1",
  "userAgent" : null
}

{
  "timestamp" : "2025-10-27T23:16:28.062Z",
  "eventType" : "CERTIFICATE_ACCESSED",
  "category" : "CERTIFICATE_MANAGEMENT",
  "eventId" : "1761606988062-359",
  "user" : "andjelavukosav3@gmail.com",
  "role" : "ROLE_CA_USER",
  "result" : "SUCCESS",
  "message" : "Retrieved certificate details | CertID: 23 | CN: FTN | Issuer: CN=FTN, O=FTN, OU=FTN, C=RS",
  "ipAddress" : "0:0:0:0:0:0:0:1",
  "userAgent" : null
}

{
  "timestamp" : "2025-10-27T23:16:58.525Z",
  "eventType" : "CERTIFICATE_ACCESSED",
  "category" : "CERTIFICATE_MANAGEMENT",
  "eventId" : "1761607018525-671",
  "user" : "andjelavukosav3@gmail.com",
  "role" : "ROLE_CA_USER",
  "result" : "SUCCESS",
  "message" : "Retrieved certificate details | CertID: 23 | CN: FTN | Issuer: CN=FTN, O=FTN, OU=FTN, C=RS",
  "ipAddress" : "0:0:0:0:0:0:0:1",
  "userAgent" : null
}

{
  "timestamp" : "2025-10-27T23:18:45.942Z",
  "eventType" : "CERTIFICATE_ACCESSED",
  "category" : "CERTIFICATE_MANAGEMENT",
  "eventId" : "1761607125942-66",
  "user" : "andjelavukosav3@gmail.com",
  "role" : "ROLE_CA_USER",
  "result" : "SUCCESS",
  "message" : "Retrieved certificate details | CertID: 23 | CN: FTN | Issuer: CN=FTN, O=FTN, OU=FTN, C=RS",
  "ipAddress" : "0:0:0:0:0:0:0:1",
  "userAgent" : null
}

{
  "timestamp" : "2025-10-27T23:19:02.988Z",
  "eventType" : "CA_CERTIFICATE_LIST_ACCESSED",
  "category" : "CERTIFICATE_MANAGEMENT",
  "eventId" : "1761607142988-366",
  "user" : "andjelavukosav3@gmail.com",
  "role" : "ROLE_CA_USER",
  "result" : "SUCCESS",
  "message" : "Retrieved all CA certificates for organization: FTN | CertID: N/A | CN: N/A | Issuer: N/A",
  "ipAddress" : "0:0:0:0:0:0:0:1",
  "userAgent" : null
}

{
  "timestamp" : "2025-10-27T23:19:04.882Z",
  "eventType" : "CERTIFICATE_ACCESSED",
  "category" : "CERTIFICATE_MANAGEMENT",
  "eventId" : "1761607144882-51",
  "user" : "andjelavukosav3@gmail.com",
  "role" : "ROLE_CA_USER",
  "result" : "SUCCESS",
  "message" : "Retrieved certificate details | CertID: 23 | CN: FTN | Issuer: CN=FTN, O=FTN, OU=FTN, C=RS",
  "ipAddress" : "0:0:0:0:0:0:0:1",
  "userAgent" : null
}

{
  "timestamp" : "2025-10-27T23:20:40.198Z",
  "eventType" : "CERTIFICATE_ACCESSED",
  "category" : "CERTIFICATE_MANAGEMENT",
  "eventId" : "1761607240198-851",
  "user" : "andjelavukosav3@gmail.com",
  "role" : "ROLE_CA_USER",
  "result" : "SUCCESS",
  "message" : "Retrieved certificate details | CertID: 23 | CN: FTN | Issuer: CN=FTN, O=FTN, OU=FTN, C=RS",
  "ipAddress" : "0:0:0:0:0:0:0:1",
  "userAgent" : null
}

{
  "timestamp" : "2025-10-27T23:20:46.095Z",
  "eventType" : "CERTIFICATE_ACCESSED",
  "category" : "CERTIFICATE_MANAGEMENT",
  "eventId" : "1761607246095-669",
  "user" : "andjelavukosav3@gmail.com",
  "role" : "ROLE_CA_USER",
  "result" : "SUCCESS",
  "message" : "Retrieved certificate details | CertID: 23 | CN: FTN | Issuer: CN=FTN, O=FTN, OU=FTN, C=RS",
  "ipAddress" : "0:0:0:0:0:0:0:1",
  "userAgent" : null
}

{
  "timestamp" : "2025-10-27T23:20:59.360Z",
  "eventType" : "CA_CERTIFICATE_LIST_ACCESSED",
  "category" : "CERTIFICATE_MANAGEMENT",
  "eventId" : "1761607259360-896",
  "user" : "andjelavukosav3@gmail.com",
  "role" : "ROLE_CA_USER",
  "result" : "SUCCESS",
  "message" : "Retrieved all CA certificates for organization: FTN | CertID: N/A | CN: N/A | Issuer: N/A",
  "ipAddress" : "0:0:0:0:0:0:0:1",
  "userAgent" : null
}

{
  "timestamp" : "2025-10-27T23:21:01.721Z",
  "eventType" : "CERTIFICATE_ACCESSED",
  "category" : "CERTIFICATE_MANAGEMENT",
  "eventId" : "1761607261721-883",
  "user" : "andjelavukosav3@gmail.com",
  "role" : "ROLE_CA_USER",
  "result" : "SUCCESS",
  "message" : "Retrieved certificate details | CertID: 23 | CN: FTN | Issuer: CN=FTN, O=FTN, OU=FTN, C=RS",
  "ipAddress" : "0:0:0:0:0:0:0:1",
  "userAgent" : null
}

{
  "timestamp" : "2025-10-27T23:23:04.546Z",
  "eventType" : "CERTIFICATE_ACCESSED",
  "category" : "CERTIFICATE_MANAGEMENT",
  "eventId" : "1761607384546-201",
  "user" : "andjelavukosav3@gmail.com",
  "role" : "ROLE_CA_USER",
  "result" : "SUCCESS",
  "message" : "Retrieved certificate details | CertID: 23 | CN: FTN | Issuer: CN=FTN, O=FTN, OU=FTN, C=RS",
  "ipAddress" : "0:0:0:0:0:0:0:1",
  "userAgent" : null
}

{
  "timestamp" : "2025-10-27T23:26:04.612Z",
  "eventType" : "CERTIFICATE_ACCESSED",
  "category" : "CERTIFICATE_MANAGEMENT",
  "eventId" : "1761607564612-435",
  "user" : "andjelavukosav3@gmail.com",
  "role" : "ROLE_CA_USER",
  "result" : "SUCCESS",
  "message" : "Retrieved certificate details | CertID: 23 | CN: FTN | Issuer: CN=FTN, O=FTN, OU=FTN, C=RS",
  "ipAddress" : "0:0:0:0:0:0:0:1",
  "userAgent" : null
}

{
  "timestamp" : "2025-10-27T23:26:21.196Z",
  "eventType" : "CERTIFICATE_ACCESSED",
  "category" : "CERTIFICATE_MANAGEMENT",
  "eventId" : "1761607581196-805",
  "user" : "andjelavukosav3@gmail.com",
  "role" : "ROLE_CA_USER",
  "result" : "SUCCESS",
  "message" : "Retrieved certificate details | CertID: 23 | CN: FTN | Issuer: CN=FTN, O=FTN, OU=FTN, C=RS",
  "ipAddress" : "0:0:0:0:0:0:0:1",
  "userAgent" : null
}

{
  "timestamp" : "2025-10-27T23:26:28.580Z",
  "eventType" : "CERTIFICATE_ACCESSED",
  "category" : "CERTIFICATE_MANAGEMENT",
  "eventId" : "1761607588580-941",
  "user" : "andjelavukosav3@gmail.com",
  "role" : "ROLE_CA_USER",
  "result" : "SUCCESS",
  "message" : "Retrieved certificate details | CertID: 23 | CN: FTN | Issuer: CN=FTN, O=FTN, OU=FTN, C=RS",
  "ipAddress" : "0:0:0:0:0:0:0:1",
  "userAgent" : null
}

{
  "timestamp" : "2025-10-27T23:26:39.854Z",
  "eventType" : "CA_CERTIFICATE_LIST_ACCESSED",
  "category" : "CERTIFICATE_MANAGEMENT",
  "eventId" : "1761607599854-349",
  "user" : "andjelavukosav3@gmail.com",
  "role" : "ROLE_CA_USER",
  "result" : "SUCCESS",
  "message" : "Retrieved all CA certificates for organization: FTN | CertID: N/A | CN: N/A | Issuer: N/A",
  "ipAddress" : "0:0:0:0:0:0:0:1",
  "userAgent" : null
}

{
  "timestamp" : "2025-10-27T23:26:41.598Z",
  "eventType" : "CERTIFICATE_ACCESSED",
  "category" : "CERTIFICATE_MANAGEMENT",
  "eventId" : "1761607601598-856",
  "user" : "andjelavukosav3@gmail.com",
  "role" : "ROLE_CA_USER",
  "result" : "SUCCESS",
  "message" : "Retrieved certificate details | CertID: 23 | CN: FTN | Issuer: CN=FTN, O=FTN, OU=FTN, C=RS",
  "ipAddress" : "0:0:0:0:0:0:0:1",
  "userAgent" : null
}

{
  "timestamp" : "2025-10-27T23:28:44.370Z",
  "eventType" : "CA_CERTIFICATE_LIST_ACCESSED",
  "category" : "CERTIFICATE_MANAGEMENT",
  "eventId" : "1761607724370-199",
  "user" : "andjelavukosav3@gmail.com",
  "role" : "ROLE_CA_USER",
  "result" : "SUCCESS",
  "message" : "Retrieved all CA certificates for organization: FTN | CertID: N/A | CN: N/A | Issuer: N/A",
  "ipAddress" : "0:0:0:0:0:0:0:1",
  "userAgent" : null
}

{
  "timestamp" : "2025-10-27T23:28:46.143Z",
  "eventType" : "CERTIFICATE_ACCESSED",
  "category" : "CERTIFICATE_MANAGEMENT",
  "eventId" : "1761607726143-628",
  "user" : "andjelavukosav3@gmail.com",
  "role" : "ROLE_CA_USER",
  "result" : "SUCCESS",
  "message" : "Retrieved certificate details | CertID: 23 | CN: FTN | Issuer: CN=FTN, O=FTN, OU=FTN, C=RS",
  "ipAddress" : "0:0:0:0:0:0:0:1",
  "userAgent" : null
}

{
  "timestamp" : "2025-10-27T23:28:51.987Z",
  "eventType" : "CA_CERTIFICATE_LIST_ACCESSED",
  "category" : "CERTIFICATE_MANAGEMENT",
  "eventId" : "1761607731987-753",
  "user" : "andjelavukosav3@gmail.com",
  "role" : "ROLE_CA_USER",
  "result" : "SUCCESS",
  "message" : "Retrieved all CA certificates for organization: FTN | CertID: N/A | CN: N/A | Issuer: N/A",
  "ipAddress" : "0:0:0:0:0:0:0:1",
  "userAgent" : null
}

{
  "timestamp" : "2025-10-27T23:28:58Z",
  "eventType" : "CERTIFICATE_ACCESSED",
  "category" : "CERTIFICATE_MANAGEMENT",
  "eventId" : "1761607738000-195",
  "user" : "andjelavukosav3@gmail.com",
  "role" : "ROLE_CA_USER",
  "result" : "SUCCESS",
  "message" : "Retrieved certificate details | CertID: 22 | CN: FTN | Issuer: CN=FTN, O=FTN, OU=FTN, C=RS",
  "ipAddress" : "0:0:0:0:0:0:0:1",
  "userAgent" : null
}

{
  "timestamp" : "2025-10-27T23:29:45.187Z",
  "eventType" : "CA_CERTIFICATE_LIST_ACCESSED",
  "category" : "CERTIFICATE_MANAGEMENT",
  "eventId" : "1761607785189-955",
  "user" : "andjelavukosav3@gmail.com",
  "role" : "ROLE_CA_USER",
  "result" : "SUCCESS",
  "message" : "Retrieved all CA certificates for organization: FTN | CertID: N/A | CN: N/A | Issuer: N/A",
  "ipAddress" : "0:0:0:0:0:0:0:1",
  "userAgent" : null
}

{
  "timestamp" : "2025-10-27T23:30:10.503Z",
  "eventType" : "CA_CERTIFICATE_LIST_ACCESSED",
  "category" : "CERTIFICATE_MANAGEMENT",
  "eventId" : "1761607810503-975",
  "user" : "andjelavukosav3@gmail.com",
  "role" : "ROLE_CA_USER",
  "result" : "SUCCESS",
  "message" : "Retrieved all CA certificates for organization: FTN | CertID: N/A | CN: N/A | Issuer: N/A",
  "ipAddress" : "0:0:0:0:0:0:0:1",
  "userAgent" : null
}

{
  "timestamp" : "2025-10-27T23:30:15.441Z",
  "eventType" : "CA_CERTIFICATE_LIST_ACCESSED",
  "category" : "CERTIFICATE_MANAGEMENT",
  "eventId" : "1761607815441-971",
  "user" : "andjelavukosav3@gmail.com",
  "role" : "ROLE_CA_USER",
  "result" : "SUCCESS",
  "message" : "Retrieved all CA certificates for organization: FTN | CertID: N/A | CN: N/A | Issuer: N/A",
  "ipAddress" : "0:0:0:0:0:0:0:1",
  "userAgent" : null
}

{
  "timestamp" : "2025-10-27T23:30:16.984Z",
  "eventType" : "CERTIFICATE_ACCESSED",
  "category" : "CERTIFICATE_MANAGEMENT",
  "eventId" : "1761607816984-593",
  "user" : "andjelavukosav3@gmail.com",
  "role" : "ROLE_CA_USER",
  "result" : "SUCCESS",
  "message" : "Retrieved certificate details | CertID: 22 | CN: FTN | Issuer: CN=FTN, O=FTN, OU=FTN, C=RS",
  "ipAddress" : "0:0:0:0:0:0:0:1",
  "userAgent" : null
}

{
  "timestamp" : "2025-10-27T23:31:30.250Z",
  "eventType" : "CA_CERTIFICATE_LIST_ACCESSED",
  "category" : "CERTIFICATE_MANAGEMENT",
  "eventId" : "1761607890250-664",
  "user" : "andjelavukosav3@gmail.com",
  "role" : "ROLE_CA_USER",
  "result" : "SUCCESS",
  "message" : "Retrieved all CA certificates for organization: FTN | CertID: N/A | CN: N/A | Issuer: N/A",
  "ipAddress" : "0:0:0:0:0:0:0:1",
  "userAgent" : null
}

{
  "timestamp" : "2025-10-27T23:31:32.425Z",
  "eventType" : "CERTIFICATE_ACCESSED",
  "category" : "CERTIFICATE_MANAGEMENT",
  "eventId" : "1761607892425-773",
  "user" : "andjelavukosav3@gmail.com",
  "role" : "ROLE_CA_USER",
  "result" : "SUCCESS",
  "message" : "Retrieved certificate details | CertID: 23 | CN: FTN | Issuer: CN=FTN, O=FTN, OU=FTN, C=RS",
  "ipAddress" : "0:0:0:0:0:0:0:1",
  "userAgent" : null
}
