{
  "timestamp" : "2025-10-27T22:39:00.664Z",
  "eventType" : "CA_CERTIFICATE_LIST_ACCESSED",
  "category" : "CERTIFICATE_MANAGEMENT",
  "eventId" : "1761604740664-280",
  "user" : "andjelavukosav3@gmail.com",
  "role" : "ROLE_CA_USER",
  "result" : "SUCCESS",
  "message" : "Retrieved all CA certificates for organization: FTN",
  "ipAddress" : "0:0:0:0:0:0:0:1",
  "certificateId" : "N/A",
  "certificateCN" : "N/A",
  "issuerAlias" : "N/A"
}

{
  "timestamp" : "2025-10-27T22:46:19.544Z",
  "eventType" : "CA_CERTIFICATE_LIST_ACCESSED",
  "category" : "CERTIFICATE_MANAGEMENT",
  "eventId" : "1761605179544-247",
  "user" : "andjelavukosav3@gmail.com",
  "role" : "ROLE_CA_USER",
  "result" : "SUCCESS",
  "message" : "Retrieved all CA certificates for organization: FTN",
  "ipAddress" : "0:0:0:0:0:0:0:1",
  "certificateId" : "N/A",
  "certificateCN" : "N/A",
  "issuerAlias" : "N/A"
}
